#
# There is insufficient memory for the Java Runtime Environment to continue.
# Native memory allocation (malloc) failed to allocate 1048576 bytes. Error detail: AllocateHeap
# Possible reasons:
#   The system is out of physical RAM or swap space
#   This process is running with CompressedOops enabled, and the Java Heap may be blocking the growth of the native heap
# Possible solutions:
#   Reduce memory load on the system
#   Increase physical memory or swap space
#   Check if swap backing store is full
#   Decrease Java heap size (-Xmx/-Xms)
#   Decrease number of Java threads
#   Decrease Java thread stack sizes (-Xss)
#   Set larger code cache with -XX:ReservedCodeCacheSize=
#   JVM is running with Unscaled Compressed Oops mode in which the Java heap is
#     placed in the first 4GB address space. The Java Heap base address is the
#     maximum limit for the native heap growth. Please use -XX:HeapBaseMinAddress
#     to set the Java Heap base and to place the Java Heap above 4GB virtual address.
# This output file may be truncated or incomplete.
#
#  Out of Memory Error (allocation.cpp:44), pid=19500, tid=24496
#
# JRE version: OpenJDK Runtime Environment Temurin-21.0.11+10 (21.0.11+10) (build 21.0.11+10-LTS)
# Java VM: OpenJDK 64-Bit Server VM Temurin-21.0.11+10 (21.0.11+10-LTS, mixed mode, sharing, tiered, compressed oops, compressed class ptrs, parallel gc, windows-amd64)
# No core dump will be written. Minidumps are not enabled by default on client versions of Windows
#

---------------  S U M M A R Y ------------

Command Line: --add-modules=ALL-SYSTEM --add-opens=java.base/java.util=ALL-UNNAMED --add-opens=java.base/java.lang=ALL-UNNAMED --add-opens=java.base/sun.nio.fs=ALL-UNNAMED -Declipse.application=org.eclipse.jdt.ls.core.id1 -Dosgi.bundles.defaultStartLevel=4 -Declipse.product=org.eclipse.jdt.ls.core.product -Djava.import.generatesMetadataFilesAtProjectRoot=false -DDetectVMInstallationsJob.disabled=true -Dfile.encoding=utf8 -XX:+UseParallelGC -XX:GCTimeRatio=4 -XX:AdaptiveSizePolicyWeight=90 -Dsun.zip.disableMemoryMapping=true -Xmx2G -Xms100m -Xlog:disable -javaagent:c:\Users\dunit\.vscode\extensions\redhat.java-1.55.0-win32-x64\lombok\lombok-1.18.39-4050.jar -XX:+HeapDumpOnOutOfMemoryError -XX:HeapDumpPath=c:\Users\dunit\AppData\Roaming\Code\User\workspaceStorage\77d204d40fe392406cd0e9e035d1ed17\redhat.java -Daether.dependencyCollector.impl=bf c:\Users\dunit\.vscode\extensions\redhat.java-1.55.0-win32-x64\server\plugins\org.eclipse.equinox.launcher_1.7.200.v20260619-2039.jar -configuration c:\Users\dunit\AppData\Roaming\Code\User\globalStorage\redhat.java\1.55.0\config_win -data c:\Users\dunit\AppData\Roaming\Code\User\workspaceStorage\77d204d40fe392406cd0e9e035d1ed17\redhat.java\jdt_ws --pipe=\\.\pipe\lsp-8e2c0dc262303eae0da16fc2b9b75aa9-sock

Host: 11th Gen Intel(R) Core(TM) i5-1135G7 @ 2.40GHz, 8 cores, 7G,  Windows 11 , 64 bit Build 26100 (10.0.26100.9168)
Time: Fri Aug 21 18:18:48 2026 Sri Lanka Standard Time elapsed time: 3582.558626 seconds (0d 0h 59m 42s)

---------------  T H R E A D  ---------------

Current thread (0x0000017ab7e15280):  JavaThread "Attach Listener" daemon [_thread_in_vm, id=24496, stack(0x0000005600400000,0x0000005600500000) (1024K)]

Stack: [0x0000005600400000,0x0000005600500000]
Native frames: (J=compiled Java code, j=interpreted, Vv=VM code, C=native code)
V  [jvm.dll+0x6d7e19]
V  [jvm.dll+0x8b5096]
V  [jvm.dll+0x8b764e]
V  [jvm.dll+0x8b7d33]
V  [jvm.dll+0x284596]
V  [jvm.dll+0xc13c7]
V  [jvm.dll+0x6d86c9]
V  [jvm.dll+0x133616]
V  [jvm.dll+0x3f868e]
V  [jvm.dll+0x85fb0d]
V  [jvm.dll+0x6d664d]
C  [ucrtbase.dll+0x2cd30]
C  [KERNEL32.DLL+0x2ccb7]
C  [ntdll.dll+0xaad6c]


---------------  P R O C E S S  ---------------

Threads class SMR info:
_java_thread_list=0x0000017b18edfd80, length=48, elements={
0x0000017ab5b3a6a0, 0x0000017ab7f4e8e0, 0x0000017ab7e0d880, 0x0000017ab7e143a0,
0x0000017ab7e15280, 0x0000017ab7e19da0, 0x0000017ab7e1c8b0, 0x0000017ab7e21c00,
0x0000017b11140090, 0x0000017b112ef2f0, 0x0000017b11459fa0, 0x0000017b118f6cb0,
0x0000017b11915040, 0x0000017b11a81110, 0x0000017b11ba4300, 0x0000017b163e0e80,
0x0000017b16ae80c0, 0x0000017b168e56e0, 0x0000017b11c38830, 0x0000017b11c38ec0,
0x0000017b11c381a0, 0x0000017b16d6ac30, 0x0000017b16d6b2c0, 0x0000017b16d6a5a0,
0x0000017b16d6c670, 0x0000017b16d6b950, 0x0000017b16d6da20, 0x0000017b16d6bfe0,
0x0000017b16d6cd00, 0x0000017b1601e250, 0x0000017b1601f600, 0x0000017b1601dbc0,
0x0000017b1601fc90, 0x0000017b17cedf90, 0x0000017b1a0178b0, 0x0000017b1a016b90,
0x0000017b1a017f40, 0x0000017b1a014ac0, 0x0000017b1a015e70, 0x0000017b1a017220,
0x0000017b17cecbe0, 0x0000017b17ced270, 0x0000017b17ceecb0, 0x0000017b17ced900,
0x0000017b17cef340, 0x0000017b17cee620, 0x0000017b11c36df0, 0x0000017b11c36760
}

Java Threads: ( => current thread )
  0x0000017ab5b3a6a0 JavaThread "main"                              [_thread_blocked, id=13692, stack(0x000000567fd00000,0x000000567fe00000) (1024K)]
  0x0000017ab7f4e8e0 JavaThread "Reference Handler"          daemon [_thread_blocked, id=21004, stack(0x0000005600100000,0x0000005600200000) (1024K)]
  0x0000017ab7e0d880 JavaThread "Finalizer"                  daemon [_thread_blocked, id=4404, stack(0x0000005600200000,0x0000005600300000) (1024K)]
  0x0000017ab7e143a0 JavaThread "Signal Dispatcher"          daemon [_thread_blocked, id=17404, stack(0x0000005600300000,0x0000005600400000) (1024K)]
=>0x0000017ab7e15280 JavaThread "Attach Listener"            daemon [_thread_in_vm, id=24496, stack(0x0000005600400000,0x0000005600500000) (1024K)]
  0x0000017ab7e19da0 JavaThread "Service Thread"             daemon [_thread_blocked, id=25604, stack(0x0000005600500000,0x0000005600600000) (1024K)]
  0x0000017ab7e1c8b0 JavaThread "Monitor Deflation Thread"   daemon [_thread_blocked, id=12100, stack(0x0000005600600000,0x0000005600700000) (1024K)]
  0x0000017ab7e21c00 JavaThread "C2 CompilerThread0"         daemon [_thread_blocked, id=21212, stack(0x0000005600700000,0x0000005600800000) (1024K)]
  0x0000017b11140090 JavaThread "C1 CompilerThread0"         daemon [_thread_blocked, id=11476, stack(0x0000005600800000,0x0000005600900000) (1024K)]
  0x0000017b112ef2f0 JavaThread "Common-Cleaner"             daemon [_thread_blocked, id=5828, stack(0x0000005600900000,0x0000005600a00000) (1024K)]
  0x0000017b11459fa0 JavaThread "Notification Thread"        daemon [_thread_blocked, id=18884, stack(0x0000005600a00000,0x0000005600b00000) (1024K)]
  0x0000017b118f6cb0 JavaThread "Active Thread: Equinox Container: 919a973a-0efc-4352-9b1d-91feafdf87f6"        [_thread_blocked, id=23652, stack(0x0000005601300000,0x0000005601400000) (1024K)]
  0x0000017b11915040 JavaThread "Refresh Thread: Equinox Container: 919a973a-0efc-4352-9b1d-91feafdf87f6" daemon [_thread_blocked, id=11796, stack(0x0000005601400000,0x0000005601500000) (1024K)]
  0x0000017b11a81110 JavaThread "Framework Event Dispatcher: Equinox Container: 919a973a-0efc-4352-9b1d-91feafdf87f6" daemon [_thread_blocked, id=2972, stack(0x0000005601500000,0x0000005601600000) (1024K)]
  0x0000017b11ba4300 JavaThread "Start Level: Equinox Container: 919a973a-0efc-4352-9b1d-91feafdf87f6" daemon [_thread_blocked, id=23928, stack(0x0000005600b00000,0x0000005600c00000) (1024K)]
  0x0000017b163e0e80 JavaThread "Bundle File Closer"         daemon [_thread_blocked, id=24492, stack(0x0000005601700000,0x0000005601800000) (1024K)]
  0x0000017b16ae80c0 JavaThread "SCR Component Actor"        daemon [_thread_blocked, id=5628, stack(0x0000005601600000,0x0000005601700000) (1024K)]
  0x0000017b168e56e0 JavaThread "Worker-JM"                         [_thread_blocked, id=26188, stack(0x0000005601900000,0x0000005601a00000) (1024K)]
  0x0000017b11c38830 JavaThread "JNA Cleaner"                daemon [_thread_blocked, id=17844, stack(0x0000005601800000,0x0000005601900000) (1024K)]
  0x0000017b11c38ec0 JavaThread "Worker-0"                          [_thread_blocked, id=2816, stack(0x0000005601a00000,0x0000005601b00000) (1024K)]
  0x0000017b11c381a0 JavaThread "Java indexing"              daemon [_thread_blocked, id=13264, stack(0x0000005601f00000,0x0000005602000000) (1024K)]
  0x0000017b16d6ac30 JavaThread "Thread-1"                   daemon [_thread_in_native, id=9820, stack(0x0000005602400000,0x0000005602500000) (1024K)]
  0x0000017b16d6b2c0 JavaThread "Thread-2"                   daemon [_thread_in_native, id=7544, stack(0x0000005602500000,0x0000005602600000) (1024K)]
  0x0000017b16d6a5a0 JavaThread "Thread-3"                   daemon [_thread_in_native, id=19364, stack(0x0000005602600000,0x0000005602700000) (1024K)]
  0x0000017b16d6c670 JavaThread "Thread-4"                   daemon [_thread_in_native, id=4832, stack(0x0000005602700000,0x0000005602800000) (1024K)]
  0x0000017b16d6b950 JavaThread "Thread-5"                   daemon [_thread_in_native, id=1264, stack(0x0000005602800000,0x0000005602900000) (1024K)]
  0x0000017b16d6da20 JavaThread "Thread-6"                   daemon [_thread_in_native, id=2936, stack(0x0000005602900000,0x0000005602a00000) (1024K)]
  0x0000017b16d6bfe0 JavaThread "Thread-7"                   daemon [_thread_in_native, id=14552, stack(0x0000005602a00000,0x0000005602b00000) (1024K)]
  0x0000017b16d6cd00 JavaThread "Thread-8"                   daemon [_thread_in_native, id=17156, stack(0x0000005602b00000,0x0000005602c00000) (1024K)]
  0x0000017b1601e250 JavaThread "Thread-9"                   daemon [_thread_in_native, id=2632, stack(0x0000005602c00000,0x0000005602d00000) (1024K)]
  0x0000017b1601f600 JavaThread "pool-2-thread-1"                   [_thread_blocked, id=3812, stack(0x0000005602d00000,0x0000005602e00000) (1024K)]
  0x0000017b1601dbc0 JavaThread "WorkspaceEventsHandler"            [_thread_blocked, id=25424, stack(0x0000005602f00000,0x0000005603000000) (1024K)]
  0x0000017b1601fc90 JavaThread "pool-1-thread-1"                   [_thread_blocked, id=22832, stack(0x0000005603000000,0x0000005603100000) (1024K)]
  0x0000017b17cedf90 JavaThread "Cleaner-0"                  daemon [_thread_blocked, id=3080, stack(0x0000005603b00000,0x0000005603c00000) (1024K)]
  0x0000017b1a0178b0 JavaThread "ForkJoinPool.commonPool-worker-10" daemon [_thread_blocked, id=23280, stack(0x0000005601c00000,0x0000005601d00000) (1024K)]
  0x0000017b1a016b90 JavaThread "PatternSearchJob-worker-6"  daemon [_thread_blocked, id=3364, stack(0x0000005601d00000,0x0000005601e00000) (1024K)]
  0x0000017b1a017f40 JavaThread "ForkJoinPool.commonPool-worker-11" daemon [_thread_blocked, id=2040, stack(0x0000005602000000,0x0000005602100000) (1024K)]
  0x0000017b1a014ac0 JavaThread "PatternSearchJob-worker-7"  daemon [_thread_blocked, id=6012, stack(0x0000005602100000,0x0000005602200000) (1024K)]
  0x0000017b1a015e70 JavaThread "PatternSearchJob-worker-8"  daemon [_thread_blocked, id=8248, stack(0x0000005602200000,0x0000005602300000) (1024K)]
  0x0000017b1a017220 JavaThread "PatternSearchJob-worker-9"  daemon [_thread_blocked, id=23736, stack(0x0000005602300000,0x0000005602400000) (1024K)]
  0x0000017b17cecbe0 JavaThread "ForkJoinPool.commonPool-worker-12" daemon [_thread_blocked, id=12444, stack(0x0000005602e00000,0x0000005602f00000) (1024K)]
  0x0000017b17ced270 JavaThread "Worker-6"                          [_thread_blocked, id=25316, stack(0x0000005603100000,0x0000005603200000) (1024K)]
  0x0000017b17ceecb0 JavaThread "ForkJoinPool.commonPool-worker-13" daemon [_thread_blocked, id=14792, stack(0x0000005601b00000,0x0000005601c00000) (1024K)]
  0x0000017b17ced900 JavaThread "ForkJoinPool.commonPool-worker-14" daemon [_thread_blocked, id=18456, stack(0x0000005603200000,0x0000005603300000) (1024K)]
  0x0000017b17cef340 JavaThread "ForkJoinPool.commonPool-worker-15" daemon [_thread_blocked, id=17172, stack(0x0000005603300000,0x0000005603400000) (1024K)]
  0x0000017b17cee620 JavaThread "ForkJoinPool.commonPool-worker-16" daemon [_thread_blocked, id=19996, stack(0x0000005603400000,0x0000005603500000) (1024K)]
  0x0000017b11c36df0 JavaThread "Worker-7"                          [_thread_blocked, id=5788, stack(0x0000005601e00000,0x0000005601f00000) (1024K)]
  0x0000017b11c36760 JavaThread "pool-1-thread-5"                   [_thread_blocked, id=24272, stack(0x0000005603500000,0x0000005603600000) (1024K)]
Total: 48

Other Threads:
  0x0000017ab7e01d70 VMThread "VM Thread"                           [id=20716, stack(0x0000005600000000,0x0000005600100000) (1024K)] _threads_hazard_ptr=0x0000017b18edfd80
  0x0000017ab7efe010 WatcherThread "VM Periodic Task Thread"        [id=620, stack(0x000000567ff00000,0x0000005680000000) (1024K)]
  0x0000017ab7eaf6a0 WorkerThread "GC Thread#0"                     [id=3076, stack(0x000000567fe00000,0x000000567ff00000) (1024K)]
  0x0000017b11b05020 WorkerThread "GC Thread#1"                     [id=21276, stack(0x0000005600d00000,0x0000005600e00000) (1024K)]
  0x0000017b1198ee90 WorkerThread "GC Thread#2"                     [id=3872, stack(0x0000005600e00000,0x0000005600f00000) (1024K)]
  0x0000017b11c73450 WorkerThread "GC Thread#3"                     [id=26548, stack(0x0000005600f00000,0x0000005601000000) (1024K)]
  0x0000017b11c73800 WorkerThread "GC Thread#4"                     [id=9584, stack(0x0000005601000000,0x0000005601100000) (1024K)]
  0x0000017b11c743c0 WorkerThread "GC Thread#5"                     [id=18924, stack(0x0000005601100000,0x0000005601200000) (1024K)]
  0x0000017b1181d130 WorkerThread "GC Thread#6"                     [id=23084, stack(0x0000005601200000,0x0000005601300000) (1024K)]
  0x0000017b1635b870 WorkerThread "GC Thread#7"                     [id=22408, stack(0x0000005600c00000,0x0000005600d00000) (1024K)]
Total: 10

Threads with active compile tasks:
Total: 0

VM state: synchronizing (normal execution)

VM Mutex/Monitor currently owned by a thread:  ([mutex/lock_event])
[0x00007ff93f55f570] Threads_lock - owner thread: 0x0000017ab7e01d70
[0x00007ff93f55f670] Heap_lock - owner thread: 0x0000017b1a017f40

Heap address: 0x0000000080000000, size: 2048 MB, Compressed Oops mode: 32-bit

CDS archive(s) mapped at: [0x0000017acf000000-0x0000017acfba0000-0x0000017acfba0000), size 12189696, SharedBaseAddress: 0x0000017acf000000, ArchiveRelocationMode: 1.
Compressed class space mapped at: 0x0000017ad0000000-0x0000017b10000000, reserved size: 1073741824
Narrow klass base: 0x0000017acf000000, Narrow klass shift: 0, Narrow klass range: 0x100000000

GC Precious Log:
 CardTable entry size: 512
 CPUs: 8 total, 8 available
 Memory: 7932M
 Large Page Support: Disabled
 NUMA Support: Disabled
 Compressed Oops: Enabled (32-bit)
 Alignments: Space 512K, Generation 512K, Heap 2M
 Heap Min Capacity: 100M
 Heap Initial Capacity: 100M
 Heap Max Capacity: 2G
 Pre-touch: Disabled
 Parallel Workers: 8

Heap:
 PSYoungGen      total 4608K, used 4384K [0x00000000d5580000, 0x00000000d5b00000, 0x0000000100000000)
  eden space 4096K, 100% used [0x00000000d5580000,0x00000000d5980000,0x00000000d5980000)
  from space 512K, 56% used [0x00000000d5a80000,0x00000000d5ac8000,0x00000000d5b00000)
  to   space 512K, 0% used [0x00000000d5a00000,0x00000000d5a00000,0x00000000d5a80000)
 ParOldGen       total 355328K, used 355110K [0x0000000080000000, 0x0000000095b00000, 0x00000000d5580000)
  object space 355328K, 99% used [0x0000000080000000,0x0000000095ac9810,0x0000000095b00000)
 Metaspace       used 84472K, committed 86144K, reserved 1179648K
  class space    used 8769K, committed 9536K, reserved 1048576K

Card table byte_map: [0x0000017ab7830000,0x0000017ab7c40000] _byte_map_base: 0x0000017ab7430000

Marking Bits: (ParMarkBitMap*) 0x00007ff93f564460
 Begin Bits: [0x0000017aca340000, 0x0000017acc340000)
 End Bits:   [0x0000017acc340000, 0x0000017ace340000)

Polling page: 0x0000017ab5c60000

Metaspace:

Usage:
  Non-class:     73.93 MB used.
      Class:      8.56 MB used.
       Both:     82.49 MB used.

Virtual space:
  Non-class space:      128.00 MB reserved,      74.81 MB ( 58%) committed,  2 nodes.
      Class space:        1.00 GB reserved,       9.31 MB ( <1%) committed,  1 nodes.
             Both:        1.12 GB reserved,      84.12 MB (  7%) committed. 

Chunk freelists:
   Non-Class:  4.35 MB
       Class:  6.66 MB
        Both:  11.00 MB

MaxMetaspaceSize: unlimited
CompressedClassSpaceSize: 1.00 GB
Initial GC threshold: 21.00 MB
Current GC threshold: 127.75 MB
CDS: on
 - commit_granule_bytes: 65536.
 - commit_granule_words: 8192.
 - virtual_space_node_default_size: 8388608.
 - enlarge_chunks_in_place: 1.
 - use_allocation_guard: 0.


Internal statistics:

num_allocs_failed_limit: 9.
num_arena_births: 1708.
num_arena_deaths: 324.
num_vsnodes_births: 3.
num_vsnodes_deaths: 0.
num_space_committed: 1346.
num_space_uncommitted: 0.
num_chunks_returned_to_freelist: 368.
num_chunks_taken_from_freelist: 5992.
num_chunk_merges: 96.
num_chunk_splits: 3472.
num_chunks_enlarged: 1866.
num_inconsistent_stats: 0.

CodeHeap 'non-profiled nmethods': size=120000Kb used=19529Kb max_used=19529Kb free=100471Kb
 bounds [0x0000017ac2b60000, 0x0000017ac3e80000, 0x0000017aca090000]
CodeHeap 'profiled nmethods': size=120000Kb used=44307Kb max_used=44307Kb free=75692Kb
 bounds [0x0000017abb090000, 0x0000017abdbe0000, 0x0000017ac25c0000]
CodeHeap 'non-nmethods': size=5760Kb used=1515Kb max_used=1591Kb free=4244Kb
 bounds [0x0000017ac25c0000, 0x0000017ac2830000, 0x0000017ac2b60000]
CodeCache: size=245760Kb, used=65351Kb, max_used=65427Kb, free=180407Kb
 total_blobs=17831, nmethods=17007, adapters=725, full_count=0
Compilation: enabled, stopped_count=0, restarted_count=0

Compilation events (20 events):
Event: 3568.756 Thread 0x0000017ab7e21c00 18442       4       org.eclipse.core.internal.preferences.EclipsePreferences::nodeExists (128 bytes)
Event: 3568.763 Thread 0x0000017ab7e21c00 nmethod 18442 0x0000017ac3e70890 code [0x0000017ac3e70b00, 0x0000017ac3e71710]
Event: 3568.890 Thread 0x0000017ab7e21c00 18443       4       org.eclipse.jdt.core.compiler.CategorizedProblem::getExtraMarkerAttributeNames (4 bytes)
Event: 3568.890 Thread 0x0000017ab7e21c00 nmethod 18443 0x0000017ac3e71e10 code [0x0000017ac3e71fa0, 0x0000017ac3e72030]
Event: 3568.890 Thread 0x0000017ab7e21c00 18444       4       org.eclipse.jdt.core.compiler.CategorizedProblem::getExtraMarkerAttributeValues (4 bytes)
Event: 3568.890 Thread 0x0000017ab7e21c00 nmethod 18444 0x0000017ac3e72110 code [0x0000017ac3e722a0, 0x0000017ac3e72330]
Event: 3569.171 Thread 0x0000017b11140090 18445       3       org.eclipse.jdt.ls.core.internal.corrections.RefactorProcessor::getClassInstanceCreation (83 bytes)
Event: 3569.172 Thread 0x0000017b11140090 nmethod 18445 0x0000017abdbcdd10 code [0x0000017abdbcdf40, 0x0000017abdbceb30]
Event: 3569.172 Thread 0x0000017b11140090 18448       3       org.eclipse.jdt.ls.core.internal.corrections.RefactorProcessor::getSimpleNameForVariable (85 bytes)
Event: 3569.173 Thread 0x0000017b11140090 nmethod 18448 0x0000017abdbced90 code [0x0000017abdbcf000, 0x0000017abdbcff68]
Event: 3569.173 Thread 0x0000017b11140090 18446       3       org.eclipse.jdt.internal.corext.util.JavaModelUtil::is10OrHigher (8 bytes)
Event: 3569.174 Thread 0x0000017b11140090 nmethod 18446 0x0000017abdbd0390 code [0x0000017abdbd05c0, 0x0000017abdbd0d70]
Event: 3569.174 Thread 0x0000017b11140090 18447       3       org.eclipse.jdt.internal.corext.util.JavaModelUtil::is10OrHigher (16 bytes)
Event: 3569.174 Thread 0x0000017b11140090 nmethod 18447 0x0000017abdbd1090 code [0x0000017abdbd1280, 0x0000017abdbd1700]
Event: 3569.174 Thread 0x0000017b11140090 18449       3       org.eclipse.jdt.internal.core.SourceType::getClassFile (5 bytes)
Event: 3569.174 Thread 0x0000017b11140090 nmethod 18449 0x0000017abdbd1890 code [0x0000017abdbd1a40, 0x0000017abdbd1c30]
Event: 3574.304 Thread 0x0000017b11140090 18450       3       org.eclipse.jdt.internal.junit.util.CoreTestSearchEngine::hasSuiteMethod (76 bytes)
Event: 3574.304 Thread 0x0000017b11140090 nmethod 18450 0x0000017abdbd1d10 code [0x0000017abdbd1f60, 0x0000017abdbd27d0]
Event: 3574.305 Thread 0x0000017b11140090 18451       3       org.eclipse.jdt.internal.core.ResolvedSourceType::toStringInfo (38 bytes)
Event: 3574.305 Thread 0x0000017b11140090 nmethod 18451 0x0000017abdbd2a10 code [0x0000017abdbd2c20, 0x0000017abdbd3070]

GC Heap History (20 events):
Event: 3565.689 GC heap before
{Heap before GC invocations=883 (full 4):
 PSYoungGen      total 4608K, used 4608K [0x00000000d5580000, 0x00000000d5c80000, 0x0000000100000000)
  eden space 4096K, 100% used [0x00000000d5580000,0x00000000d5980000,0x00000000d5980000)
  from space 512K, 100% used [0x00000000d5b00000,0x00000000d5b80000,0x00000000d5b80000)
  to   space 1536K, 0% used [0x00000000d5980000,0x00000000d5980000,0x00000000d5b00000)
 ParOldGen       total 353280K, used 353062K [0x0000000080000000, 0x0000000095900000, 0x00000000d5580000)
  object space 353280K, 99% used [0x0000000080000000,0x00000000958c9a50,0x0000000095900000)
 Metaspace       used 84453K, committed 86144K, reserved 1179648K
  class space    used 8769K, committed 9536K, reserved 1048576K
}
Event: 3565.690 GC heap after
{Heap after GC invocations=883 (full 4):
 PSYoungGen      total 4608K, used 304K [0x00000000d5580000, 0x00000000d5b80000, 0x0000000100000000)
  eden space 4096K, 0% used [0x00000000d5580000,0x00000000d5580000,0x00000000d5980000)
  from space 512K, 59% used [0x00000000d5980000,0x00000000d59cc010,0x00000000d5a00000)
  to   space 1024K, 0% used [0x00000000d5a80000,0x00000000d5a80000,0x00000000d5b80000)
 ParOldGen       total 353792K, used 353461K [0x0000000080000000, 0x0000000095980000, 0x00000000d5580000)
  object space 353792K, 99% used [0x0000000080000000,0x000000009592d4a0,0x0000000095980000)
 Metaspace       used 84453K, committed 86144K, reserved 1179648K
  class space    used 8769K, committed 9536K, reserved 1048576K
}
Event: 3566.167 GC heap before
{Heap before GC invocations=884 (full 4):
 PSYoungGen      total 4608K, used 4400K [0x00000000d5580000, 0x00000000d5b80000, 0x0000000100000000)
  eden space 4096K, 100% used [0x00000000d5580000,0x00000000d5980000,0x00000000d5980000)
  from space 512K, 59% used [0x00000000d5980000,0x00000000d59cc010,0x00000000d5a00000)
  to   space 1024K, 0% used [0x00000000d5a80000,0x00000000d5a80000,0x00000000d5b80000)
 ParOldGen       total 353792K, used 353461K [0x0000000080000000, 0x0000000095980000, 0x00000000d5580000)
  object space 353792K, 99% used [0x0000000080000000,0x000000009592d4a0,0x0000000095980000)
 Metaspace       used 84458K, committed 86144K, reserved 1179648K
  class space    used 8769K, committed 9536K, reserved 1048576K
}
Event: 3566.169 GC heap after
{Heap after GC invocations=884 (full 4):
 PSYoungGen      total 5120K, used 592K [0x00000000d5580000, 0x00000000d5b80000, 0x0000000100000000)
  eden space 4096K, 0% used [0x00000000d5580000,0x00000000d5580000,0x00000000d5980000)
  from space 1024K, 57% used [0x00000000d5a80000,0x00000000d5b14010,0x00000000d5b80000)
  to   space 1024K, 0% used [0x00000000d5980000,0x00000000d5980000,0x00000000d5a80000)
 ParOldGen       total 353792K, used 353485K [0x0000000080000000, 0x0000000095980000, 0x00000000d5580000)
  object space 353792K, 99% used [0x0000000080000000,0x00000000959334a0,0x0000000095980000)
 Metaspace       used 84458K, committed 86144K, reserved 1179648K
  class space    used 8769K, committed 9536K, reserved 1048576K
}
Event: 3566.277 GC heap before
{Heap before GC invocations=885 (full 4):
 PSYoungGen      total 5120K, used 4688K [0x00000000d5580000, 0x00000000d5b80000, 0x0000000100000000)
  eden space 4096K, 100% used [0x00000000d5580000,0x00000000d5980000,0x00000000d5980000)
  from space 1024K, 57% used [0x00000000d5a80000,0x00000000d5b14010,0x00000000d5b80000)
  to   space 1024K, 0% used [0x00000000d5980000,0x00000000d5980000,0x00000000d5a80000)
 ParOldGen       total 353792K, used 353485K [0x0000000080000000, 0x0000000095980000, 0x00000000d5580000)
  object space 353792K, 99% used [0x0000000080000000,0x00000000959334a0,0x0000000095980000)
 Metaspace       used 84463K, committed 86144K, reserved 1179648K
  class space    used 8769K, committed 9536K, reserved 1048576K
}
Event: 3566.278 GC heap after
{Heap after GC invocations=885 (full 4):
 PSYoungGen      total 5120K, used 160K [0x00000000d5580000, 0x00000000d5b00000, 0x0000000100000000)
  eden space 4096K, 0% used [0x00000000d5580000,0x00000000d5580000,0x00000000d5980000)
  from space 1024K, 15% used [0x00000000d5980000,0x00000000d59a8000,0x00000000d5a80000)
  to   space 512K, 0% used [0x00000000d5a80000,0x00000000d5a80000,0x00000000d5b00000)
 ParOldGen       total 353792K, used 353509K [0x0000000080000000, 0x0000000095980000, 0x00000000d5580000)
  object space 353792K, 99% used [0x0000000080000000,0x00000000959394a0,0x0000000095980000)
 Metaspace       used 84463K, committed 86144K, reserved 1179648K
  class space    used 8769K, committed 9536K, reserved 1048576K
}
Event: 3566.572 GC heap before
{Heap before GC invocations=886 (full 4):
 PSYoungGen      total 5120K, used 4255K [0x00000000d5580000, 0x00000000d5b00000, 0x0000000100000000)
  eden space 4096K, 99% used [0x00000000d5580000,0x00000000d597fff0,0x00000000d5980000)
  from space 1024K, 15% used [0x00000000d5980000,0x00000000d59a8000,0x00000000d5a80000)
  to   space 512K, 0% used [0x00000000d5a80000,0x00000000d5a80000,0x00000000d5b00000)
 ParOldGen       total 353792K, used 353509K [0x0000000080000000, 0x0000000095980000, 0x00000000d5580000)
  object space 353792K, 99% used [0x0000000080000000,0x00000000959394a0,0x0000000095980000)
 Metaspace       used 84463K, committed 86144K, reserved 1179648K
  class space    used 8769K, committed 9536K, reserved 1048576K
}
Event: 3566.574 GC heap after
{Heap after GC invocations=886 (full 4):
 PSYoungGen      total 4608K, used 512K [0x00000000d5580000, 0x00000000d5b80000, 0x0000000100000000)
  eden space 4096K, 0% used [0x00000000d5580000,0x00000000d5580000,0x00000000d5980000)
  from space 512K, 100% used [0x00000000d5a80000,0x00000000d5b00000,0x00000000d5b00000)
  to   space 1024K, 0% used [0x00000000d5980000,0x00000000d5980000,0x00000000d5a80000)
 ParOldGen       total 353792K, used 353571K [0x0000000080000000, 0x0000000095980000, 0x00000000d5580000)
  object space 353792K, 99% used [0x0000000080000000,0x0000000095948ee0,0x0000000095980000)
 Metaspace       used 84463K, committed 86144K, reserved 1179648K
  class space    used 8769K, committed 9536K, reserved 1048576K
}
Event: 3566.695 GC heap before
{Heap before GC invocations=887 (full 4):
 PSYoungGen      total 4608K, used 4608K [0x00000000d5580000, 0x00000000d5b80000, 0x0000000100000000)
  eden space 4096K, 100% used [0x00000000d5580000,0x00000000d5980000,0x00000000d5980000)
  from space 512K, 100% used [0x00000000d5a80000,0x00000000d5b00000,0x00000000d5b00000)
  to   space 1024K, 0% used [0x00000000d5980000,0x00000000d5980000,0x00000000d5a80000)
 ParOldGen       total 353792K, used 353571K [0x0000000080000000, 0x0000000095980000, 0x00000000d5580000)
  object space 353792K, 99% used [0x0000000080000000,0x0000000095948ee0,0x0000000095980000)
 Metaspace       used 84463K, committed 86144K, reserved 1179648K
  class space    used 8769K, committed 9536K, reserved 1048576K
}
Event: 3566.697 GC heap after
{Heap after GC invocations=887 (full 4):
 PSYoungGen      total 5120K, used 320K [0x00000000d5580000, 0x00000000d5b00000, 0x0000000100000000)
  eden space 4096K, 0% used [0x00000000d5580000,0x00000000d5580000,0x00000000d5980000)
  from space 1024K, 31% used [0x00000000d5980000,0x00000000d59d0000,0x00000000d5a80000)
  to   space 512K, 0% used [0x00000000d5a80000,0x00000000d5a80000,0x00000000d5b00000)
 ParOldGen       total 354304K, used 354035K [0x0000000080000000, 0x0000000095a00000, 0x00000000d5580000)
  object space 354304K, 99% used [0x0000000080000000,0x00000000959bcef0,0x0000000095a00000)
 Metaspace       used 84463K, committed 86144K, reserved 1179648K
  class space    used 8769K, committed 9536K, reserved 1048576K
}
Event: 3568.669 GC heap before
{Heap before GC invocations=888 (full 4):
 PSYoungGen      total 5120K, used 4415K [0x00000000d5580000, 0x00000000d5b00000, 0x0000000100000000)
  eden space 4096K, 99% used [0x00000000d5580000,0x00000000d597fff8,0x00000000d5980000)
  from space 1024K, 31% used [0x00000000d5980000,0x00000000d59d0000,0x00000000d5a80000)
  to   space 512K, 0% used [0x00000000d5a80000,0x00000000d5a80000,0x00000000d5b00000)
 ParOldGen       total 354304K, used 354035K [0x0000000080000000, 0x0000000095a00000, 0x00000000d5580000)
  object space 354304K, 99% used [0x0000000080000000,0x00000000959bcef0,0x0000000095a00000)
 Metaspace       used 84463K, committed 86144K, reserved 1179648K
  class space    used 8769K, committed 9536K, reserved 1048576K
}
Event: 3568.670 GC heap after
{Heap after GC invocations=888 (full 4):
 PSYoungGen      total 4608K, used 512K [0x00000000d5580000, 0x00000000d5b80000, 0x0000000100000000)
  eden space 4096K, 0% used [0x00000000d5580000,0x00000000d5580000,0x00000000d5980000)
  from space 512K, 100% used [0x00000000d5a80000,0x00000000d5b00000,0x00000000d5b00000)
  to   space 1024K, 0% used [0x00000000d5980000,0x00000000d5980000,0x00000000d5a80000)
 ParOldGen       total 354304K, used 354067K [0x0000000080000000, 0x0000000095a00000, 0x00000000d5580000)
  object space 354304K, 99% used [0x0000000080000000,0x00000000959c4ef0,0x0000000095a00000)
 Metaspace       used 84463K, committed 86144K, reserved 1179648K
  class space    used 8769K, committed 9536K, reserved 1048576K
}
Event: 3568.868 GC heap before
{Heap before GC invocations=889 (full 4):
 PSYoungGen      total 4608K, used 4608K [0x00000000d5580000, 0x00000000d5b80000, 0x0000000100000000)
  eden space 4096K, 100% used [0x00000000d5580000,0x00000000d5980000,0x00000000d5980000)
  from space 512K, 100% used [0x00000000d5a80000,0x00000000d5b00000,0x00000000d5b00000)
  to   space 1024K, 0% used [0x00000000d5980000,0x00000000d5980000,0x00000000d5a80000)
 ParOldGen       total 354304K, used 354067K [0x0000000080000000, 0x0000000095a00000, 0x00000000d5580000)
  object space 354304K, 99% used [0x0000000080000000,0x00000000959c4ef0,0x0000000095a00000)
 Metaspace       used 84463K, committed 86144K, reserved 1179648K
  class space    used 8769K, committed 9536K, reserved 1048576K
}
Event: 3568.872 GC heap after
{Heap after GC invocations=889 (full 4):
 PSYoungGen      total 5120K, used 320K [0x00000000d5580000, 0x00000000d5b00000, 0x0000000100000000)
  eden space 4096K, 0% used [0x00000000d5580000,0x00000000d5580000,0x00000000d5980000)
  from space 1024K, 31% used [0x00000000d5980000,0x00000000d59d0000,0x00000000d5a80000)
  to   space 512K, 0% used [0x00000000d5a80000,0x00000000d5a80000,0x00000000d5b00000)
 ParOldGen       total 354816K, used 354520K [0x0000000080000000, 0x0000000095a80000, 0x00000000d5580000)
  object space 354816K, 99% used [0x0000000080000000,0x0000000095a36380,0x0000000095a80000)
 Metaspace       used 84463K, committed 86144K, reserved 1179648K
  class space    used 8769K, committed 9536K, reserved 1048576K
}
Event: 3573.523 GC heap before
{Heap before GC invocations=890 (full 4):
 PSYoungGen      total 5120K, used 4416K [0x00000000d5580000, 0x00000000d5b00000, 0x0000000100000000)
  eden space 4096K, 100% used [0x00000000d5580000,0x00000000d5980000,0x00000000d5980000)
  from space 1024K, 31% used [0x00000000d5980000,0x00000000d59d0000,0x00000000d5a80000)
  to   space 512K, 0% used [0x00000000d5a80000,0x00000000d5a80000,0x00000000d5b00000)
 ParOldGen       total 354816K, used 354520K [0x0000000080000000, 0x0000000095a80000, 0x00000000d5580000)
  object space 354816K, 99% used [0x0000000080000000,0x0000000095a36380,0x0000000095a80000)
 Metaspace       used 84467K, committed 86144K, reserved 1179648K
  class space    used 8769K, committed 9536K, reserved 1048576K
}
Event: 3573.524 GC heap after
{Heap after GC invocations=890 (full 4):
 PSYoungGen      total 4608K, used 160K [0x00000000d5580000, 0x00000000d5b00000, 0x0000000100000000)
  eden space 4096K, 0% used [0x00000000d5580000,0x00000000d5580000,0x00000000d5980000)
  from space 512K, 31% used [0x00000000d5a80000,0x00000000d5aa8000,0x00000000d5b00000)
  to   space 512K, 0% used [0x00000000d5a00000,0x00000000d5a00000,0x00000000d5a80000)
 ParOldGen       total 354816K, used 354600K [0x0000000080000000, 0x0000000095a80000, 0x00000000d5580000)
  object space 354816K, 99% used [0x0000000080000000,0x0000000095a4a380,0x0000000095a80000)
 Metaspace       used 84467K, committed 86144K, reserved 1179648K
  class space    used 8769K, committed 9536K, reserved 1048576K
}
Event: 3574.298 GC heap before
{Heap before GC invocations=891 (full 4):
 PSYoungGen      total 4608K, used 4256K [0x00000000d5580000, 0x00000000d5b00000, 0x0000000100000000)
  eden space 4096K, 100% used [0x00000000d5580000,0x00000000d5980000,0x00000000d5980000)
  from space 512K, 31% used [0x00000000d5a80000,0x00000000d5aa8000,0x00000000d5b00000)
  to   space 512K, 0% used [0x00000000d5a00000,0x00000000d5a00000,0x00000000d5a80000)
 ParOldGen       total 354816K, used 354600K [0x0000000080000000, 0x0000000095a80000, 0x00000000d5580000)
  object space 354816K, 99% used [0x0000000080000000,0x0000000095a4a380,0x0000000095a80000)
 Metaspace       used 84467K, committed 86144K, reserved 1179648K
  class space    used 8769K, committed 9536K, reserved 1048576K
}
Event: 3574.301 GC heap after
{Heap after GC invocations=891 (full 4):
 PSYoungGen      total 4608K, used 480K [0x00000000d5580000, 0x00000000d5b80000, 0x0000000100000000)
  eden space 4096K, 0% used [0x00000000d5580000,0x00000000d5580000,0x00000000d5980000)
  from space 512K, 93% used [0x00000000d5a00000,0x00000000d5a78020,0x00000000d5a80000)
  to   space 1024K, 0% used [0x00000000d5a80000,0x00000000d5a80000,0x00000000d5b80000)
 ParOldGen       total 354816K, used 354712K [0x0000000080000000, 0x0000000095a80000, 0x00000000d5580000)
  object space 354816K, 99% used [0x0000000080000000,0x0000000095a66380,0x0000000095a80000)
 Metaspace       used 84467K, committed 86144K, reserved 1179648K
  class space    used 8769K, committed 9536K, reserved 1048576K
}
Event: 3574.426 GC heap before
{Heap before GC invocations=892 (full 4):
 PSYoungGen      total 4608K, used 4576K [0x00000000d5580000, 0x00000000d5b80000, 0x0000000100000000)
  eden space 4096K, 99% used [0x00000000d5580000,0x00000000d597fff0,0x00000000d5980000)
  from space 512K, 93% used [0x00000000d5a00000,0x00000000d5a78020,0x00000000d5a80000)
  to   space 1024K, 0% used [0x00000000d5a80000,0x00000000d5a80000,0x00000000d5b80000)
 ParOldGen       total 354816K, used 354712K [0x0000000080000000, 0x0000000095a80000, 0x00000000d5580000)
  object space 354816K, 99% used [0x0000000080000000,0x0000000095a66380,0x0000000095a80000)
 Metaspace       used 84468K, committed 86144K, reserved 1179648K
  class space    used 8769K, committed 9536K, reserved 1048576K
}
Event: 3574.429 GC heap after
{Heap after GC invocations=892 (full 4):
 PSYoungGen      total 4608K, used 288K [0x00000000d5580000, 0x00000000d5b00000, 0x0000000100000000)
  eden space 4096K, 0% used [0x00000000d5580000,0x00000000d5580000,0x00000000d5980000)
  from space 512K, 56% used [0x00000000d5a80000,0x00000000d5ac8000,0x00000000d5b00000)
  to   space 512K, 0% used [0x00000000d5a00000,0x00000000d5a00000,0x00000000d5a80000)
 ParOldGen       total 355328K, used 355110K [0x0000000080000000, 0x0000000095b00000, 0x00000000d5580000)
  object space 355328K, 99% used [0x0000000080000000,0x0000000095ac9810,0x0000000095b00000)
 Metaspace       used 84468K, committed 86144K, reserved 1179648K
  class space    used 8769K, committed 9536K, reserved 1048576K
}

Dll operation events (12 events):
Event: 0.031 Loaded shared library c:\Users\dunit\.vscode\extensions\redhat.java-1.55.0-win32-x64\jre\21.0.11-win32-x86_64\bin\java.dll
Event: 0.177 Loaded shared library c:\Users\dunit\.vscode\extensions\redhat.java-1.55.0-win32-x64\jre\21.0.11-win32-x86_64\bin\zip.dll
Event: 0.242 Loaded shared library C:\Users\dunit\.vscode\extensions\redhat.java-1.55.0-win32-x64\jre\21.0.11-win32-x86_64\bin\instrument.dll
Event: 0.254 Loaded shared library C:\Users\dunit\.vscode\extensions\redhat.java-1.55.0-win32-x64\jre\21.0.11-win32-x86_64\bin\net.dll
Event: 0.260 Loaded shared library C:\Users\dunit\.vscode\extensions\redhat.java-1.55.0-win32-x64\jre\21.0.11-win32-x86_64\bin\nio.dll
Event: 0.273 Loaded shared library C:\Users\dunit\.vscode\extensions\redhat.java-1.55.0-win32-x64\jre\21.0.11-win32-x86_64\bin\zip.dll
Event: 0.432 Loaded shared library C:\Users\dunit\.vscode\extensions\redhat.java-1.55.0-win32-x64\jre\21.0.11-win32-x86_64\bin\jimage.dll
Event: 0.696 Loaded shared library c:\Users\dunit\.vscode\extensions\redhat.java-1.55.0-win32-x64\jre\21.0.11-win32-x86_64\bin\verify.dll
Event: 3.421 Loaded shared library C:\Users\dunit\AppData\Roaming\Code\User\globalStorage\redhat.java\1.55.0\config_win\org.eclipse.equinox.launcher\org.eclipse.equinox.launcher.win32.win32.x86_64_1.3.100.v20260613-0559\eclipse_11924.dll
Event: 9.394 Loaded shared library C:\Users\dunit\AppData\Local\Temp\jna-95946728\jna16145450814275536691.dll
Event: 60.417 Loaded shared library C:\Users\dunit\.vscode\extensions\redhat.java-1.55.0-win32-x64\jre\21.0.11-win32-x86_64\bin\sunmscapi.dll
Event: 61.265 Loaded shared library C:\Users\dunit\.vscode\extensions\redhat.java-1.55.0-win32-x64\jre\21.0.11-win32-x86_64\bin\extnet.dll

Deoptimization events (20 events):
Event: 3556.269 Thread 0x0000017b11c36760 DEOPT PACKING pc=0x0000017ac3ca6a0c sp=0x00000056035feb80
Event: 3556.269 Thread 0x0000017b11c36760 DEOPT UNPACKING pc=0x0000017ac2616da2 sp=0x00000056035feb68 mode 2
Event: 3556.269 Thread 0x0000017b11c36760 Uncommon trap: trap_request=0xffffffc6 fr.pc=0x0000017ac3ca6a0c relative=0x00000000000014cc
Event: 3556.269 Thread 0x0000017b11c36760 Uncommon trap: reason=bimorphic_or_optimized_type_check action=maybe_recompile pc=0x0000017ac3ca6a0c method=com.vladsch.flexmark.util.sequence.LineAppendableImpl.appendImpl(Ljava/lang/CharSequence;I)V @ 2 c2
Event: 3556.269 Thread 0x0000017b11c36760 DEOPT PACKING pc=0x0000017ac3ca6a0c sp=0x00000056035feb80
Event: 3556.269 Thread 0x0000017b11c36760 DEOPT UNPACKING pc=0x0000017ac2616da2 sp=0x00000056035feb68 mode 2
Event: 3559.286 Thread 0x0000017b17cef340 Uncommon trap: trap_request=0xffffffde fr.pc=0x0000017ac3cec558 relative=0x0000000000000738
Event: 3559.286 Thread 0x0000017b17cef340 Uncommon trap: reason=class_check action=maybe_recompile pc=0x0000017ac3cec558 method=org.eclipse.jdt.internal.compiler.lookup.MethodBinding.canBeSeenBy(Lorg/eclipse/jdt/internal/compiler/lookup/TypeBinding;Lorg/eclipse/jdt/internal/compiler/lookup/Invoca
Event: 3559.286 Thread 0x0000017b17cef340 DEOPT PACKING pc=0x0000017ac3cec558 sp=0x00000056033fe7a0
Event: 3559.286 Thread 0x0000017b17cef340 DEOPT UNPACKING pc=0x0000017ac2616da2 sp=0x00000056033fe748 mode 2
Event: 3559.286 Thread 0x0000017b17cef340 Uncommon trap: trap_request=0xffffffde fr.pc=0x0000017ac3cec558 relative=0x0000000000000738
Event: 3559.286 Thread 0x0000017b17cef340 Uncommon trap: reason=class_check action=maybe_recompile pc=0x0000017ac3cec558 method=org.eclipse.jdt.internal.compiler.lookup.MethodBinding.canBeSeenBy(Lorg/eclipse/jdt/internal/compiler/lookup/TypeBinding;Lorg/eclipse/jdt/internal/compiler/lookup/Invoca
Event: 3559.286 Thread 0x0000017b17cef340 DEOPT PACKING pc=0x0000017ac3cec558 sp=0x00000056033fe7a0
Event: 3559.286 Thread 0x0000017b17cef340 DEOPT UNPACKING pc=0x0000017ac2616da2 sp=0x00000056033fe748 mode 2
Event: 3559.833 Thread 0x0000017b11c38ec0 DEOPT PACKING pc=0x0000017abdb85cfc sp=0x0000005601afd9d0
Event: 3559.833 Thread 0x0000017b11c38ec0 DEOPT UNPACKING pc=0x0000017ac26178e2 sp=0x0000005601afcec0 mode 0
Event: 3560.116 Thread 0x0000017b17cef340 Uncommon trap: trap_request=0xffffff45 fr.pc=0x0000017ac3d67838 relative=0x0000000000000318
Event: 3560.116 Thread 0x0000017b17cef340 Uncommon trap: reason=unstable_if action=reinterpret pc=0x0000017ac3d67838 method=org.eclipse.jdt.internal.corext.refactoring.code.SnippetFinder$Match.isEmpty()Z @ 21 c2
Event: 3560.116 Thread 0x0000017b17cef340 DEOPT PACKING pc=0x0000017ac3d67838 sp=0x00000056033fe1f0
Event: 3560.116 Thread 0x0000017b17cef340 DEOPT UNPACKING pc=0x0000017ac2616da2 sp=0x00000056033fe0e0 mode 2

Classes loaded (20 events):
Event: 3503.914 Loading class sun/net/www/http/KeepAliveEntry
Event: 3503.914 Loading class sun/net/www/http/KeepAliveEntry done
Event: 3503.940 Loading class jdk/internal/icu/text/NormalizerBase$NFCModeImpl
Event: 3503.940 Loading class jdk/internal/icu/text/NormalizerBase$NFCModeImpl done
Event: 3503.940 Loading class jdk/internal/icu/impl/Norm2AllModes$NFCSingleton
Event: 3503.940 Loading class jdk/internal/icu/impl/Norm2AllModes$NFCSingleton done
Event: 3503.942 Loading class java/nio/StringCharBuffer
Event: 3503.945 Loading class java/nio/StringCharBuffer done
Event: 3503.953 Loading class java/lang/StringLatin1$LinesSpliterator
Event: 3503.954 Loading class java/lang/StringLatin1$LinesSpliterator done
Event: 3513.914 Loading class sun/security/ssl/Alert
Event: 3513.915 Loading class sun/security/ssl/Alert done
Event: 3513.917 Loading class sun/security/ssl/Alert$AlertConsumer
Event: 3513.917 Loading class sun/security/ssl/Alert$AlertConsumer done
Event: 3513.917 Loading class sun/security/ssl/Alert$Level
Event: 3513.917 Loading class sun/security/ssl/Alert$Level done
Event: 3544.665 Loading class java/lang/Throwable$WrappedPrintWriter
Event: 3544.667 Loading class java/lang/Throwable$PrintStreamOrWriter
Event: 3544.667 Loading class java/lang/Throwable$PrintStreamOrWriter done
Event: 3544.667 Loading class java/lang/Throwable$WrappedPrintWriter done

Classes unloaded (20 events):
Event: 3178.367 Thread 0x0000017ab7e01d70 Unloading class 0x0000017ad000d800 'java/lang/invoke/LambdaForm$MH+0x0000017ad000d800'
Event: 3178.367 Thread 0x0000017ab7e01d70 Unloading class 0x0000017ad000d400 'java/lang/invoke/LambdaForm$MH+0x0000017ad000d400'
Event: 3178.367 Thread 0x0000017ab7e01d70 Unloading class 0x0000017ad000d000 'java/lang/invoke/LambdaForm$MH+0x0000017ad000d000'
Event: 3178.367 Thread 0x0000017ab7e01d70 Unloading class 0x0000017ad000cc00 'java/lang/invoke/LambdaForm$MH+0x0000017ad000cc00'
Event: 3178.367 Thread 0x0000017ab7e01d70 Unloading class 0x0000017ad000c800 'java/lang/invoke/LambdaForm$BMH+0x0000017ad000c800'
Event: 3178.367 Thread 0x0000017ab7e01d70 Unloading class 0x0000017ad000c000 'java/lang/invoke/LambdaForm$DMH+0x0000017ad000c000'
Event: 3178.367 Thread 0x0000017ab7e01d70 Unloading class 0x0000017ad0008c00 'java/lang/invoke/LambdaForm$MH+0x0000017ad0008c00'
Event: 3178.367 Thread 0x0000017ab7e01d70 Unloading class 0x0000017ad0008800 'java/lang/invoke/LambdaForm$MH+0x0000017ad0008800'
Event: 3178.367 Thread 0x0000017ab7e01d70 Unloading class 0x0000017ad0008400 'java/lang/invoke/LambdaForm$MH+0x0000017ad0008400'
Event: 3178.367 Thread 0x0000017ab7e01d70 Unloading class 0x0000017ad0007000 'java/lang/invoke/LambdaForm$MH+0x0000017ad0007000'
Event: 3178.367 Thread 0x0000017ab7e01d70 Unloading class 0x0000017ad0006800 'java/lang/invoke/LambdaForm$MH+0x0000017ad0006800'
Event: 3178.367 Thread 0x0000017ab7e01d70 Unloading class 0x0000017ad0006400 'java/lang/invoke/LambdaForm$MH+0x0000017ad0006400'
Event: 3178.367 Thread 0x0000017ab7e01d70 Unloading class 0x0000017ad0006000 'java/lang/invoke/LambdaForm$MH+0x0000017ad0006000'
Event: 3178.367 Thread 0x0000017ab7e01d70 Unloading class 0x0000017ad0005c00 'java/lang/invoke/LambdaForm$BMH+0x0000017ad0005c00'
Event: 3178.367 Thread 0x0000017ab7e01d70 Unloading class 0x0000017ad0004800 'java/lang/invoke/LambdaForm$DMH+0x0000017ad0004800'
Event: 3178.367 Thread 0x0000017ab7e01d70 Unloading class 0x0000017ad0002800 'java/lang/invoke/LambdaForm$MH+0x0000017ad0002800'
Event: 3178.367 Thread 0x0000017ab7e01d70 Unloading class 0x0000017ad0002400 'java/lang/invoke/LambdaForm$MH+0x0000017ad0002400'
Event: 3178.367 Thread 0x0000017ab7e01d70 Unloading class 0x0000017ad0002000 'java/lang/invoke/LambdaForm$MH+0x0000017ad0002000'
Event: 3178.367 Thread 0x0000017ab7e01d70 Unloading class 0x0000017ad0001800 'java/lang/invoke/LambdaForm$MH+0x0000017ad0001800'
Event: 3178.367 Thread 0x0000017ab7e01d70 Unloading class 0x0000017ad0000400 'java/lang/invoke/LambdaForm$MH+0x0000017ad0000400'

Classes redefined (0 events):
No events

Internal exceptions (20 events):
Event: 3503.693 Thread 0x0000017b1601fc90 Exception <a 'java/lang/ArrayIndexOutOfBoundsException'{0x00000000d573d900}> (0x00000000d573d900) 
thrown [s\src\hotspot\share\runtime\sharedRuntime.cpp, line 625]
Event: 3503.693 Thread 0x0000017b1601fc90 Exception <a 'java/lang/ArrayIndexOutOfBoundsException'{0x00000000d573df20}> (0x00000000d573df20) 
thrown [s\src\hotspot\share\runtime\sharedRuntime.cpp, line 625]
Event: 3503.693 Thread 0x0000017b1601fc90 Exception <a 'java/lang/ArrayIndexOutOfBoundsException'{0x00000000d579a0a0}> (0x00000000d579a0a0) 
thrown [s\src\hotspot\share\runtime\sharedRuntime.cpp, line 625]
Event: 3503.698 Thread 0x0000017b11c37480 Implicit null exception at 0x0000017ac2dd2b76 to 0x0000017ac2dd2eac
Event: 3503.704 Thread 0x0000017b11c37480 Implicit null exception at 0x0000017ac3367af5 to 0x0000017ac3367c08
Event: 3503.711 Thread 0x0000017b11c37480 Exception <a 'java/lang/NoSuchMethodError'{0x00000000d5a8a5b0}: 'int java.lang.invoke.DirectMethodHandle$Holder.invokeSpecial(java.lang.Object, java.lang.Object, int)'> (0x00000000d5a8a5b0) 
thrown [s\src\hotspot\share\interpreter\linkResolver.cpp, line 773]
Event: 3503.712 Thread 0x0000017b11c37480 Exception <a 'java/lang/NoSuchMethodError'{0x00000000d5a924e0}: 'int java.lang.invoke.Invokers$Holder.linkToTargetMethod(java.lang.Object, int, java.lang.Object)'> (0x00000000d5a924e0) 
thrown [s\src\hotspot\share\interpreter\linkResolver.cpp, line 773]
Event: 3512.413 Thread 0x0000017b17cee620 Exception <a 'sun/nio/fs/WindowsException'{0x00000000d560b068}> (0x00000000d560b068) 
thrown [s\src\hotspot\share\prims\jni.cpp, line 520]
Event: 3512.414 Thread 0x0000017b17cee620 Exception <a 'sun/nio/fs/WindowsException'{0x00000000d560b6a8}> (0x00000000d560b6a8) 
thrown [s\src\hotspot\share\prims\jni.cpp, line 520]
Event: 3544.549 Thread 0x0000017b17cee620 Exception <a 'java/lang/NoSuchMethodError'{0x00000000d5888678}: 'void java.lang.invoke.DirectMethodHandle$Holder.invokeVirtual(java.lang.Object, java.lang.Object, java.lang.Object, java.lang.Object, java.lang.Object)'> (0x00000000d5888678) 
thrown [s\src\hotspot\share\interpreter\linkResolver.cpp, line 773]
Event: 3544.669 Thread 0x0000017b17cee620 Exception <a 'java/lang/ClassNotFoundException'{0x00000000d5956650}: sun/util/logging/resources/spi/loggingProvider> (0x00000000d5956650) 
thrown [s\src\hotspot\share\classfile\systemDictionary.cpp, line 313]
Event: 3555.920 Thread 0x0000017b1601fc90 Exception <a 'java/lang/ArrayIndexOutOfBoundsException'{0x00000000d58cf608}> (0x00000000d58cf608) 
thrown [s\src\hotspot\share\runtime\sharedRuntime.cpp, line 625]
Event: 3555.920 Thread 0x0000017b1601fc90 Exception <a 'java/lang/ArrayIndexOutOfBoundsException'{0x00000000d58cfc28}> (0x00000000d58cfc28) 
thrown [s\src\hotspot\share\runtime\sharedRuntime.cpp, line 625]
Event: 3555.920 Thread 0x0000017b1601fc90 Exception <a 'java/lang/ArrayIndexOutOfBoundsException'{0x00000000d58d01e8}> (0x00000000d58d01e8) 
thrown [s\src\hotspot\share\runtime\sharedRuntime.cpp, line 625]
Event: 3559.272 Thread 0x0000017b17cef340 Exception <a 'java/lang/ArrayIndexOutOfBoundsException'{0x00000000d58dd5f8}> (0x00000000d58dd5f8) 
thrown [s\src\hotspot\share\runtime\sharedRuntime.cpp, line 625]
Event: 3559.272 Thread 0x0000017b17cef340 Exception <a 'java/lang/ArrayIndexOutOfBoundsException'{0x00000000d58ddc30}> (0x00000000d58ddc30) 
thrown [s\src\hotspot\share\runtime\sharedRuntime.cpp, line 625]
Event: 3559.272 Thread 0x0000017b17cef340 Exception <a 'java/lang/ArrayIndexOutOfBoundsException'{0x00000000d58ddfa0}> (0x00000000d58ddfa0) 
thrown [s\src\hotspot\share\runtime\sharedRuntime.cpp, line 625]
Event: 3559.290 Thread 0x0000017b17cef340 Exception <a 'java/lang/ArrayIndexOutOfBoundsException'{0x00000000d563a750}> (0x00000000d563a750) 
thrown [s\src\hotspot\share\runtime\sharedRuntime.cpp, line 625]
Event: 3559.290 Thread 0x0000017b17cef340 Exception <a 'java/lang/ArrayIndexOutOfBoundsException'{0x00000000d563aac0}> (0x00000000d563aac0) 
thrown [s\src\hotspot\share\runtime\sharedRuntime.cpp, line 625]
Event: 3559.290 Thread 0x0000017b17cef340 Exception <a 'java/lang/ArrayIndexOutOfBoundsException'{0x00000000d563ae30}> (0x00000000d563ae30) 
thrown [s\src\hotspot\share\runtime\sharedRuntime.cpp, line 625]

ZGC Phase Switch (0 events):
No events

VM Operations (20 events):
Event: 3565.689 Executing safepoint VM operation: ParallelGCFailedAllocation (Allocation Failure)
Event: 3565.690 Executing safepoint VM operation: ParallelGCFailedAllocation (Allocation Failure) done
Event: 3566.167 Executing safepoint VM operation: ParallelGCFailedAllocation (Allocation Failure)
Event: 3566.169 Executing safepoint VM operation: ParallelGCFailedAllocation (Allocation Failure) done
Event: 3566.277 Executing safepoint VM operation: ParallelGCFailedAllocation (Allocation Failure)
Event: 3566.278 Executing safepoint VM operation: ParallelGCFailedAllocation (Allocation Failure) done
Event: 3566.572 Executing safepoint VM operation: ParallelGCFailedAllocation (Allocation Failure)
Event: 3566.574 Executing safepoint VM operation: ParallelGCFailedAllocation (Allocation Failure) done
Event: 3566.695 Executing safepoint VM operation: ParallelGCFailedAllocation (Allocation Failure)
Event: 3566.697 Executing safepoint VM operation: ParallelGCFailedAllocation (Allocation Failure) done
Event: 3568.669 Executing safepoint VM operation: ParallelGCFailedAllocation (Allocation Failure)
Event: 3568.670 Executing safepoint VM operation: ParallelGCFailedAllocation (Allocation Failure) done
Event: 3568.868 Executing safepoint VM operation: ParallelGCFailedAllocation (Allocation Failure)
Event: 3568.872 Executing safepoint VM operation: ParallelGCFailedAllocation (Allocation Failure) done
Event: 3573.523 Executing safepoint VM operation: ParallelGCFailedAllocation (Allocation Failure)
Event: 3573.525 Executing safepoint VM operation: ParallelGCFailedAllocation (Allocation Failure) done
Event: 3574.298 Executing safepoint VM operation: ParallelGCFailedAllocation (Allocation Failure)
Event: 3574.301 Executing safepoint VM operation: ParallelGCFailedAllocation (Allocation Failure) done
Event: 3574.426 Executing safepoint VM operation: ParallelGCFailedAllocation (Allocation Failure)
Event: 3574.429 Executing safepoint VM operation: ParallelGCFailedAllocation (Allocation Failure) done

Memory protections (0 events):
No events

Nmethod flushes (20 events):
Event: 3178.722 Thread 0x0000017ab7e01d70 flushing  nmethod 0x0000017abbd35290
Event: 3178.722 Thread 0x0000017ab7e01d70 flushing  nmethod 0x0000017abbd35c10
Event: 3178.723 Thread 0x0000017ab7e01d70 flushing  nmethod 0x0000017abbd45d90
Event: 3178.723 Thread 0x0000017ab7e01d70 flushing  nmethod 0x0000017abbdac690
Event: 3178.723 Thread 0x0000017ab7e01d70 flushing  nmethod 0x0000017abbddcf10
Event: 3178.723 Thread 0x0000017ab7e01d70 flushing  nmethod 0x0000017abbddd410
Event: 3178.723 Thread 0x0000017ab7e01d70 flushing  nmethod 0x0000017abbdef710
Event: 3178.723 Thread 0x0000017ab7e01d70 flushing  nmethod 0x0000017abbdf9510
Event: 3178.723 Thread 0x0000017ab7e01d70 flushing  nmethod 0x0000017abbe07710
Event: 3178.723 Thread 0x0000017ab7e01d70 flushing  nmethod 0x0000017abbe08010
Event: 3178.723 Thread 0x0000017ab7e01d70 flushing  nmethod 0x0000017abbe0a610
Event: 3178.723 Thread 0x0000017ab7e01d70 flushing  nmethod 0x0000017abbe10310
Event: 3178.723 Thread 0x0000017ab7e01d70 flushing  nmethod 0x0000017abbe5e190
Event: 3178.723 Thread 0x0000017ab7e01d70 flushing osr nmethod 0x0000017abbeed610
Event: 3178.723 Thread 0x0000017ab7e01d70 flushing  nmethod 0x0000017abbefc690
Event: 3178.723 Thread 0x0000017ab7e01d70 flushing  nmethod 0x0000017abbf1fc10
Event: 3178.723 Thread 0x0000017ab7e01d70 flushing  nmethod 0x0000017abbf24010
Event: 3178.723 Thread 0x0000017ab7e01d70 flushing  nmethod 0x0000017abbf3cb90
Event: 3178.723 Thread 0x0000017ab7e01d70 flushing  nmethod 0x0000017abbf8b310
Event: 3178.723 Thread 0x0000017ab7e01d70 flushing  nmethod 0x0000017abc9a4f10

Events (20 events):
Event: 3502.475 Thread 0x0000017b1601fc90 Thread added: 0x0000017b11c36760
Event: 3502.512 Thread 0x0000017b11c36760 Thread added: 0x0000017b11c37480
Event: 3502.878 Thread 0x0000017b11140090 Thread added: 0x0000017b165d9850
Event: 3502.878 Thread 0x0000017b11140090 Thread added: 0x0000017b165d8ab0
Event: 3503.530 Thread 0x0000017b11c37480 Thread added: 0x0000017b11c37b10
Event: 3503.532 Thread 0x0000017b11c37b10 Thread exited: 0x0000017b11c37b10
Event: 3503.901 Thread 0x0000017b11c37480 Thread added: 0x0000017b11c37b10
Event: 3503.924 Thread 0x0000017b11c37480 Thread exited: 0x0000017b11c37480
Event: 3504.165 Thread 0x0000017b165d9850 Thread exited: 0x0000017b165d9850
Event: 3504.165 Thread 0x0000017b165d8ab0 Thread exited: 0x0000017b165d8ab0
Event: 3518.920 Thread 0x0000017b11c37b10 Thread exited: 0x0000017b11c37b10
Event: 3524.304 Thread 0x0000017b11c36df0 Thread added: 0x0000017b11c37480
Event: 3524.305 Thread 0x0000017b11c37480 Thread exited: 0x0000017b11c37480
Event: 3524.308 Thread 0x0000017b11c36df0 Thread added: 0x0000017b11c37480
Event: 3524.310 Thread 0x0000017b11c37480 Thread added: 0x0000017b11c37b10
Event: 3524.311 Thread 0x0000017b11c37480 Thread added: 0x0000017b1601ef70
Event: 3524.313 Thread 0x0000017b1601ef70 Thread exited: 0x0000017b1601ef70
Event: 3524.313 Thread 0x0000017b11c37b10 Thread exited: 0x0000017b11c37b10
Event: 3524.313 Thread 0x0000017b11c37480 Thread exited: 0x0000017b11c37480
Event: 3524.357 Thread 0x0000017b1601cea0 Thread exited: 0x0000017b1601cea0


Dynamic libraries:
0x00007ff62f8e0000 - 0x00007ff62f8ee000 	c:\Users\dunit\.vscode\extensions\redhat.java-1.55.0-win32-x64\jre\21.0.11-win32-x86_64\bin\java.exe
0x00007ffa6f680000 - 0x00007ffa6f8e6000 	C:\Windows\SYSTEM32\ntdll.dll
0x00007ffa6ef70000 - 0x00007ffa6f039000 	C:\Windows\System32\KERNEL32.DLL
0x00007ffa6ce50000 - 0x00007ffa6d24f000 	C:\Windows\System32\KERNELBASE.dll
0x00007ffa6cbc0000 - 0x00007ffa6cd0c000 	C:\Windows\System32\ucrtbase.dll
0x00007ffa4f500000 - 0x00007ffa4f518000 	c:\Users\dunit\.vscode\extensions\redhat.java-1.55.0-win32-x64\jre\21.0.11-win32-x86_64\bin\jli.dll
0x00007ffa6e3a0000 - 0x00007ffa6e566000 	C:\Windows\System32\USER32.dll
0x00007ffa6c890000 - 0x00007ffa6c8b7000 	C:\Windows\System32\win32u.dll
0x00007ffa6f4d0000 - 0x00007ffa6f4fb000 	C:\Windows\System32\GDI32.dll
0x00007ffa6cd20000 - 0x00007ffa6ce49000 	C:\Windows\System32\gdi32full.dll
0x00007ffa6c8c0000 - 0x00007ffa6c963000 	C:\Windows\System32\msvcp_win.dll
0x00007ffa41d00000 - 0x00007ffa41d1e000 	c:\Users\dunit\.vscode\extensions\redhat.java-1.55.0-win32-x64\jre\21.0.11-win32-x86_64\bin\VCRUNTIME140.dll
0x00007ffa45c90000 - 0x00007ffa45f21000 	C:\Windows\WinSxS\amd64_microsoft.windows.common-controls_6595b64144ccf1df_6.0.26100.8972_none_3e0da176e32f9d4b\COMCTL32.dll
0x00007ffa6d470000 - 0x00007ffa6d519000 	C:\Windows\System32\msvcrt.dll
0x00007ffa6d430000 - 0x00007ffa6d462000 	C:\Windows\System32\IMM32.DLL
0x00007ffa66dc0000 - 0x00007ffa66dcc000 	c:\Users\dunit\.vscode\extensions\redhat.java-1.55.0-win32-x64\jre\21.0.11-win32-x86_64\bin\vcruntime140_1.dll
0x00007ff957650000 - 0x00007ff9576dd000 	c:\Users\dunit\.vscode\extensions\redhat.java-1.55.0-win32-x64\jre\21.0.11-win32-x86_64\bin\msvcp140.dll
0x00007ff93e8a0000 - 0x00007ff93f642000 	c:\Users\dunit\.vscode\extensions\redhat.java-1.55.0-win32-x64\jre\21.0.11-win32-x86_64\bin\server\jvm.dll
0x00007ffa6de50000 - 0x00007ffa6df0c000 	C:\Windows\System32\ADVAPI32.dll
0x00007ffa6ee50000 - 0x00007ffa6eefa000 	C:\Windows\System32\sechost.dll
0x00007ffa6f150000 - 0x00007ffa6f268000 	C:\Windows\System32\RPCRT4.dll
0x00007ffa6dfc0000 - 0x00007ffa6e042000 	C:\Windows\System32\WS2_32.dll
0x00007ffa6c710000 - 0x00007ffa6c76e000 	C:\Windows\SYSTEM32\POWRPROF.dll
0x00007ffa62700000 - 0x00007ffa62736000 	C:\Windows\SYSTEM32\WINMM.dll
0x00007ffa62000000 - 0x00007ffa6200b000 	C:\Windows\SYSTEM32\VERSION.dll
0x00007ffa6c6f0000 - 0x00007ffa6c705000 	C:\Windows\SYSTEM32\UMPDC.dll
0x00007ffa6b580000 - 0x00007ffa6b59b000 	C:\Windows\SYSTEM32\kernel.appcore.dll
0x00007ffa66d80000 - 0x00007ffa66d8a000 	c:\Users\dunit\.vscode\extensions\redhat.java-1.55.0-win32-x64\jre\21.0.11-win32-x86_64\bin\jimage.dll
0x00007ffa69d30000 - 0x00007ffa69f72000 	C:\Windows\SYSTEM32\DBGHELP.DLL
0x00007ffa6e630000 - 0x00007ffa6e9b5000 	C:\Windows\System32\combase.dll
0x00007ffa6e230000 - 0x00007ffa6e309000 	C:\Windows\System32\OLEAUT32.dll
0x00007ffa49250000 - 0x00007ffa4928b000 	C:\Windows\SYSTEM32\dbgcore.DLL
0x00007ffa6d260000 - 0x00007ffa6d30c000 	C:\Windows\System32\bcryptPrimitives.dll
0x00007ffa66cf0000 - 0x00007ffa66cff000 	c:\Users\dunit\.vscode\extensions\redhat.java-1.55.0-win32-x64\jre\21.0.11-win32-x86_64\bin\instrument.dll
0x00007ffa3b910000 - 0x00007ffa3b930000 	c:\Users\dunit\.vscode\extensions\redhat.java-1.55.0-win32-x64\jre\21.0.11-win32-x86_64\bin\java.dll
0x00007ffa6d6c0000 - 0x00007ffa6de48000 	C:\Windows\System32\SHELL32.dll
0x00007ffa6a310000 - 0x00007ffa6abab000 	C:\Windows\SYSTEM32\windows.storage.dll
0x00007ffa6f040000 - 0x00007ffa6f139000 	C:\Windows\System32\SHCORE.dll
0x00007ffa6e1c0000 - 0x00007ffa6e226000 	C:\Windows\System32\shlwapi.dll
0x00007ffa6c7b0000 - 0x00007ffa6c7d9000 	C:\Windows\SYSTEM32\profapi.dll
0x00007ffa0a0c0000 - 0x00007ffa0a0d8000 	c:\Users\dunit\.vscode\extensions\redhat.java-1.55.0-win32-x64\jre\21.0.11-win32-x86_64\bin\zip.dll
0x00007ffa5d3b0000 - 0x00007ffa5d3c0000 	C:\Users\dunit\.vscode\extensions\redhat.java-1.55.0-win32-x64\jre\21.0.11-win32-x86_64\bin\net.dll
0x00007ffa64c00000 - 0x00007ffa64d28000 	C:\Windows\SYSTEM32\WINHTTP.dll
0x00007ffa6bb30000 - 0x00007ffa6bb9c000 	C:\Windows\system32\mswsock.dll
0x00007ffa010f0000 - 0x00007ffa01106000 	C:\Users\dunit\.vscode\extensions\redhat.java-1.55.0-win32-x64\jre\21.0.11-win32-x86_64\bin\nio.dll
0x00007ffa41cf0000 - 0x00007ffa41d00000 	c:\Users\dunit\.vscode\extensions\redhat.java-1.55.0-win32-x64\jre\21.0.11-win32-x86_64\bin\verify.dll
0x00007ff9575b0000 - 0x00007ff9575f5000 	C:\Users\dunit\AppData\Roaming\Code\User\globalStorage\redhat.java\1.55.0\config_win\org.eclipse.equinox.launcher\org.eclipse.equinox.launcher.win32.win32.x86_64_1.3.100.v20260613-0559\eclipse_11924.dll
0x00007ffa6d520000 - 0x00007ffa6d6b9000 	C:\Windows\System32\ole32.dll
0x00007ffa6be40000 - 0x00007ffa6be5b000 	C:\Windows\SYSTEM32\CRYPTSP.dll
0x00007ffa6b4e0000 - 0x00007ffa6b519000 	C:\Windows\system32\rsaenh.dll
0x00007ffa6bbe0000 - 0x00007ffa6bc12000 	C:\Windows\SYSTEM32\USERENV.dll
0x00007ffa6c780000 - 0x00007ffa6c7aa000 	C:\Windows\SYSTEM32\bcrypt.dll
0x00007ffa6be20000 - 0x00007ffa6be2c000 	C:\Windows\SYSTEM32\CRYPTBASE.dll
0x00007ffa6af00000 - 0x00007ffa6af33000 	C:\Windows\SYSTEM32\IPHLPAPI.DLL
0x00007ffa6f500000 - 0x00007ffa6f50a000 	C:\Windows\System32\NSI.dll
0x00007ff9d0b20000 - 0x00007ff9d0b69000 	C:\Users\dunit\AppData\Local\Temp\jna-95946728\jna16145450814275536691.dll
0x00007ffa6f140000 - 0x00007ffa6f148000 	C:\Windows\System32\PSAPI.DLL
0x00007ffa65380000 - 0x00007ffa6539d000 	C:\Windows\SYSTEM32\dhcpcsvc6.DLL
0x00007ffa65350000 - 0x00007ffa65375000 	C:\Windows\SYSTEM32\dhcpcsvc.DLL
0x00007ffa5d3f0000 - 0x00007ffa5d3fe000 	C:\Users\dunit\.vscode\extensions\redhat.java-1.55.0-win32-x64\jre\21.0.11-win32-x86_64\bin\sunmscapi.dll
0x00007ffa6c970000 - 0x00007ffa6caee000 	C:\Windows\System32\CRYPT32.dll
0x00007ffa6c060000 - 0x00007ffa6c090000 	C:\Windows\SYSTEM32\ncrypt.dll
0x00007ffa6c010000 - 0x00007ffa6c04f000 	C:\Windows\SYSTEM32\NTASN1.dll
0x00007ffa6aff0000 - 0x00007ffa6b148000 	C:\Windows\SYSTEM32\DNSAPI.dll
0x00007ffa6b910000 - 0x00007ffa6b91d000 	C:\Windows\SYSTEM32\DSPARSE.dll
0x00007ffa64270000 - 0x00007ffa6427b000 	C:\Windows\System32\rasadhlp.dll
0x00007ffa5d340000 - 0x00007ffa5d349000 	C:\Users\dunit\.vscode\extensions\redhat.java-1.55.0-win32-x64\jre\21.0.11-win32-x86_64\bin\extnet.dll
0x00007ffa65850000 - 0x00007ffa658d6000 	C:\Windows\System32\fwpuclnt.dll

JVMTI agents:
c:\Users\dunit\.vscode\extensions\redhat.java-1.55.0-win32-x64\lombok\lombok-1.18.39-4050.jar path:c:\Users\dunit\.vscode\extensions\redhat.java-1.55.0-win32-x64\jre\21.0.11-win32-x86_64\bin\instrument.dll, loaded, initialized, instrumentlib options:none

dbghelp: loaded successfully - version: 4.0.5 - missing functions: none
symbol engine: initialized successfully - sym options: 0x614 - pdb path: .;c:\Users\dunit\.vscode\extensions\redhat.java-1.55.0-win32-x64\jre\21.0.11-win32-x86_64\bin;C:\Windows\SYSTEM32;C:\Windows\WinSxS\amd64_microsoft.windows.common-controls_6595b64144ccf1df_6.0.26100.8972_none_3e0da176e32f9d4b;c:\Users\dunit\.vscode\extensions\redhat.java-1.55.0-win32-x64\jre\21.0.11-win32-x86_64\bin\server;C:\Users\dunit\AppData\Roaming\Code\User\globalStorage\redhat.java\1.55.0\config_win\org.eclipse.equinox.launcher\org.eclipse.equinox.launcher.win32.win32.x86_64_1.3.100.v20260613-0559;C:\Users\dunit\AppData\Local\Temp\jna-95946728

VM Arguments:
jvm_args: --add-modules=ALL-SYSTEM --add-opens=java.base/java.util=ALL-UNNAMED --add-opens=java.base/java.lang=ALL-UNNAMED --add-opens=java.base/sun.nio.fs=ALL-UNNAMED -Declipse.application=org.eclipse.jdt.ls.core.id1 -Dosgi.bundles.defaultStartLevel=4 -Declipse.product=org.eclipse.jdt.ls.core.product -Djava.import.generatesMetadataFilesAtProjectRoot=false -DDetectVMInstallationsJob.disabled=true -Dfile.encoding=utf8 -XX:+UseParallelGC -XX:GCTimeRatio=4 -XX:AdaptiveSizePolicyWeight=90 -Dsun.zip.disableMemoryMapping=true -Xmx2G -Xms100m -Xlog:disable -javaagent:c:\Users\dunit\.vscode\extensions\redhat.java-1.55.0-win32-x64\lombok\lombok-1.18.39-4050.jar -XX:+HeapDumpOnOutOfMemoryError -XX:HeapDumpPath=c:\Users\dunit\AppData\Roaming\Code\User\workspaceStorage\77d204d40fe392406cd0e9e035d1ed17\redhat.java -Daether.dependencyCollector.impl=bf 
java_command: c:\Users\dunit\.vscode\extensions\redhat.java-1.55.0-win32-x64\server\plugins\org.eclipse.equinox.launcher_1.7.200.v20260619-2039.jar -configuration c:\Users\dunit\AppData\Roaming\Code\User\globalStorage\redhat.java\1.55.0\config_win -data c:\Users\dunit\AppData\Roaming\Code\User\workspaceStorage\77d204d40fe392406cd0e9e035d1ed17\redhat.java\jdt_ws --pipe=\\.\pipe\lsp-8e2c0dc262303eae0da16fc2b9b75aa9-sock
java_class_path (initial): c:\Users\dunit\.vscode\extensions\redhat.java-1.55.0-win32-x64\server\plugins\org.eclipse.equinox.launcher_1.7.200.v20260619-2039.jar
Launcher Type: SUN_STANDARD

[Global flags]
    uintx AdaptiveSizePolicyWeight                 = 90                                        {product} {command line}
     intx CICompilerCount                          = 4                                         {product} {ergonomic}
    uintx GCTimeRatio                              = 4                                         {product} {command line}
     bool HeapDumpOnOutOfMemoryError               = true                                   {manageable} {command line}
    ccstr HeapDumpPath                             = c:\Users\dunit\AppData\Roaming\Code\User\workspaceStorage\77d204d40fe392406cd0e9e035d1ed17\redhat.java         {manageable} {command line}
   size_t InitialHeapSize                          = 104857600                                 {product} {command line}
   size_t MaxHeapSize                              = 2147483648                                {product} {command line}
   size_t MaxNewSize                               = 715653120                                 {product} {ergonomic}
   size_t MinHeapDeltaBytes                        = 524288                                    {product} {ergonomic}
   size_t MinHeapSize                              = 104857600                                 {product} {command line}
   size_t NewSize                                  = 34603008                                  {product} {ergonomic}
    uintx NonNMethodCodeHeapSize                   = 5839372                                {pd product} {ergonomic}
    uintx NonProfiledCodeHeapSize                  = 122909434                              {pd product} {ergonomic}
   size_t OldSize                                  = 70254592                                  {product} {ergonomic}
    uintx ProfiledCodeHeapSize                     = 122909434                              {pd product} {ergonomic}
    uintx ReservedCodeCacheSize                    = 251658240                              {pd product} {ergonomic}
     bool SegmentedCodeCache                       = true                                      {product} {ergonomic}
   size_t SoftMaxHeapSize                          = 2147483648                             {manageable} {ergonomic}
     bool UseCompressedOops                        = true                           {product lp64_product} {ergonomic}
     bool UseLargePagesIndividualAllocation        = false                                  {pd product} {ergonomic}
     bool UseParallelGC                            = true                                      {product} {command line}

Logging:
Log output configuration:
 #0: stdout all=off uptime,level,tags foldmultilines=false
 #1: stderr all=off uptime,level,tags foldmultilines=false

Release file:
JAVA_VERSION="21.0.11" 
MODULES="java.base java.compiler java.datatransfer java.xml java.prefs java.desktop java.instrument java.logging java.management java.security.sasl java.naming java.rmi java.management.rmi java.net.http java.scripting java.security.jgss java.transaction.xa java.sql java.sql.rowset java.xml.crypto java.se java.smartcardio jdk.accessibility jdk.internal.jvmstat jdk.attach jdk.charsets jdk.internal.opt jdk.zipfs jdk.compiler jdk.crypto.ec jdk.crypto.cryptoki jdk.crypto.mscapi jdk.dynalink jdk.internal.ed jdk.editpad jdk.hotspot.agent jdk.httpserver jdk.internal.le jdk.internal.vm.ci jdk.internal.vm.compiler jdk.internal.vm.compiler.management jdk.jartool jdk.javadoc jdk.jcmd jdk.management jdk.management.agent jdk.jconsole jdk.jdeps jdk.jdwp.agent jdk.jdi jdk.jfr jdk.jshell jdk.jsobject jdk.jstatd jdk.localedata jdk.management.jfr jdk.naming.dns jdk.naming.rmi jdk.net jdk.nio.mapmode jdk.random jdk.sctp jdk.security.auth jdk.security.jgss jdk.unsupported jdk.unsupported.desktop jdk.xml.dom" 

Environment Variables:
PATH=C:\Program Files\Common Files\Oracle\Java\javapath;C:\Program Files\Common Files\Siemens\Automation\Simatic OAM\bin;C:\Program Files (x86)\NVIDIA Corporation\PhysX\Common;C:\Windows\system32;C:\Windows;C:\Windows\System32\Wbem;C:\Windows\System32\WindowsPowerShell\v1.0\;C:\Windows\System32\OpenSSH\;C:\Program Files (x86)\Windows Kits\10\Windows Performance Toolkit\;C:\Program Files\dotnet\;C:\Program Files (x86)\Microsoft SQL Server\160\Tools\Binn\;C:\Program Files\Microsoft SQL Server\160\Tools\Binn\;C:\Program Files\Microsoft SQL Server\Client SDK\ODBC\170\Tools\Binn\;C:\Program Files\Microsoft SQL Server\160\DTS\Binn\;C:\Program Files (x86)\Windows Kits\8.1\Windows Performance Toolkit\;C:\Program Files (x86)\IVI Foundation\VISA\WinNT\Bin\;C:\Program Files\IVI Foundation\VISA\Win64\Bin\;C:\Program Files\PKWARE\pkzipc;C:\Program Files\MATLAB\R2024b\runtime\win64;C:\Program Files\MATLAB\R2024b\bin;C:\Program Files\nodejs\;C:\Program Files (x86)\IVI Foundation\VISA\WinNT\Bin;C:\Program Files\Git\cmd;C:\Program Files (x86)\Eclipse\Sumo\bin\;C:\Program Files (x86)\Eclipse\Sumo\tools\;C:\Program Files (x86)\GtkSharp\2.12\bin;C:\Program Files\Docker\Docker\resources\bin;D:\Z\apps\bin;C:\Program Files\MySQL\MySQL Server 8.0\bin;C:\Program Files\MySQL\MySQL Shell 8.0\bin\;C:\Users\dunit\AppData\Local\Programs\Python\Python312\Scripts\;C:\Users\dunit\AppData\Local\Programs\Python\Python312\;C:\Users\dunit\.local\bin;C:\Users\dunit\AppData\Local\Programs\Python\Launcher\;C:\Users\dunit\AppData\Local\Microsoft\WindowsApps;C:\Users\dunit\AppData\Roaming\npm;C:\Users\dunit\AppData\Local\Programs\Microsoft VS Code\bin;C:\flutter\bin
USERNAME=dunit
OS=Windows_NT
PROCESSOR_IDENTIFIER=Intel64 Family 6 Model 140 Stepping 1, GenuineIntel
TMP=C:\Users\dunit\AppData\Local\Temp
TEMP=C:\Users\dunit\AppData\Local\Temp




Periodic native trim disabled

---------------  S Y S T E M  ---------------

OS:
 Windows 11 , 64 bit Build 26100 (10.0.26100.9168)
OS uptime: 0 days 7:39 hours
Hyper-V role detected

CPU: total 8 (initial active 8) (4 cores per cpu, 2 threads per core) family 6 model 140 stepping 1 microcode 0xac, cx8, cmov, fxsr, ht, mmx, 3dnowpref, sse, sse2, sse3, ssse3, sse4.1, sse4.2, popcnt, lzcnt, tsc, tscinvbit, avx, avx2, aes, erms, clmul, bmi1, bmi2, adx, avx512f, avx512dq, avx512cd, avx512bw, avx512vl, sha, fma, vzeroupper, avx512_vpopcntdq, avx512_vpclmulqdq, avx512_vaes, avx512_vnni, clflush, clflushopt, clwb, avx512_vbmi2, avx512_vbmi, hv, rdtscp, rdpid, fsrm, gfni, avx512_bitalg, f16c, cet_ibt, cet_ss, avx512_ifma
Processor Information for processor 0
  Max Mhz: 2419, Current Mhz: 2419, Mhz Limit: 2419
Processor Information for processor 1
  Max Mhz: 2419, Current Mhz: 2419, Mhz Limit: 2419
Processor Information for processor 2
  Max Mhz: 2419, Current Mhz: 2419, Mhz Limit: 2419
Processor Information for processor 3
  Max Mhz: 2419, Current Mhz: 2419, Mhz Limit: 2419
Processor Information for processor 4
  Max Mhz: 2419, Current Mhz: 1209, Mhz Limit: 2419
Processor Information for processor 5
  Max Mhz: 2419, Current Mhz: 1209, Mhz Limit: 2419
Processor Information for processor 6
  Max Mhz: 2419, Current Mhz: 2419, Mhz Limit: 2419
Processor Information for processor 7
  Max Mhz: 2419, Current Mhz: 1209, Mhz Limit: 2419

Memory: 4k page, system-wide physical 7932M (496M free)
TotalPageFile size 19131M (AvailPageFile size 379M)
current process WorkingSet (physical memory assigned to process): 345M, peak: 447M
current process commit charge ("private bytes"): 713M, peak: 714M

vm_info: OpenJDK 64-Bit Server VM (21.0.11+10-LTS) for windows-amd64 JRE (21.0.11+10-LTS), built on 2026-04-21T00:00:00Z by "admin" with MS VC++ 17.12 (VS2022)

END.
